Archive member included       because of file (symbol)

/usr/local/openravenscar/lib/gcc-lib/sparc-ork-elf/2.8.1/adalib/libgnarl.a(a-reatim.o)
                              ./devicesfss_v1.o (ada__real_time__clock)
/usr/local/openravenscar/lib/gcc-lib/sparc-ork-elf/2.8.1/adalib/libgnarl.a(a-retide.o)
                              ./fss.o (ada__real_time__delays__delay_until)
/usr/local/openravenscar/lib/gcc-lib/sparc-ork-elf/2.8.1/adalib/libgnarl.a(s-taprob.o)
                              ./devicesfss_v1.o (system__tasking__protected_objects__initialize_protection)
/usr/local/openravenscar/lib/gcc-lib/sparc-ork-elf/2.8.1/adalib/libgnarl.a(s-taprop.o)
                              /usr/local/openravenscar/lib/gcc-lib/sparc-ork-elf/2.8.1/adalib/libgnarl.a(a-retide.o) (system__task_primitives__operations__self)
/usr/local/openravenscar/lib/gcc-lib/sparc-ork-elf/2.8.1/adalib/libgnarl.a(s-tarest.o)
                              ./fss.o (system__tasking__restricted__stages__create_restricted_task)
/usr/local/openravenscar/lib/gcc-lib/sparc-ork-elf/2.8.1/adalib/libgnarl.a(s-tasdeb.o)
                              b~main.o (system__tasking__debug___elabs)
/usr/local/openravenscar/lib/gcc-lib/sparc-ork-elf/2.8.1/adalib/libgnarl.a(s-taskin.o)
                              /usr/local/openravenscar/lib/gcc-lib/sparc-ork-elf/2.8.1/adalib/libgnarl.a(s-tasdeb.o) (system__tasking__task_statesT)
/usr/local/openravenscar/lib/gcc-lib/sparc-ork-elf/2.8.1/adalib/libgnarl.a(s-taspri.o)
                              /usr/local/openravenscar/lib/gcc-lib/sparc-ork-elf/2.8.1/adalib/libgnarl.a(s-taskin.o) (system__task_primitives___init_proc)
/usr/local/openravenscar/lib/gcc-lib/sparc-ork-elf/2.8.1/adalib/libgnarl.a(kernel-interrupts.o)
                              b~main.o (kernel__interrupts___elabb)
/usr/local/openravenscar/lib/gcc-lib/sparc-ork-elf/2.8.1/adalib/libgnarl.a(kernel-threads.o)
                              b~main.o (kernel__threads___elabs)
/usr/local/openravenscar/lib/gcc-lib/sparc-ork-elf/2.8.1/adalib/libgnarl.a(kernel-threads-atcb.o)
                              /usr/local/openravenscar/lib/gcc-lib/sparc-ork-elf/2.8.1/adalib/libgnarl.a(s-taprop.o) (kernel__threads__atcb__set_atcb)
/usr/local/openravenscar/lib/gcc-lib/sparc-ork-elf/2.8.1/adalib/libgnarl.a(kernel-threads-queues.o)
                              /usr/local/openravenscar/lib/gcc-lib/sparc-ork-elf/2.8.1/adalib/libgnarl.a(s-taprop.o) (running_thread)
/usr/local/openravenscar/lib/gcc-lib/sparc-ork-elf/2.8.1/adalib/libgnarl.a(kernel-threads-protection.o)
                              /usr/local/openravenscar/lib/gcc-lib/sparc-ork-elf/2.8.1/adalib/libgnarl.a(kernel-threads.o) (kernel__threads__protection__dispatch)
/usr/local/openravenscar/lib/gcc-lib/sparc-ork-elf/2.8.1/adalib/libgnarl.a(kernel-time.o)
                              /usr/local/openravenscar/lib/gcc-lib/sparc-ork-elf/2.8.1/adalib/libgnarl.a(s-taprop.o) (kernel_clock)
/usr/local/openravenscar/lib/gcc-lib/sparc-ork-elf/2.8.1/adalib/libgnarl.a(kernel-memory.o)
                              /usr/local/openravenscar/sparc-ork-elf/lib/ada_crt0.o (environment_stack)
/usr/local/openravenscar/lib/gcc-lib/sparc-ork-elf/2.8.1/adalib/libgnarl.a(kernel-cpu_primitives.o)
                              /usr/local/openravenscar/lib/gcc-lib/sparc-ork-elf/2.8.1/adalib/libgnarl.a(kernel-threads-protection.o) (kernel__cpu_primitives__context_switch)
/usr/local/openravenscar/lib/gcc-lib/sparc-ork-elf/2.8.1/adalib/libgnarl.a(kernel-peripherals-registers.o)
                              b~main.o (kernel__peripherals__registers___elabs)
/usr/local/openravenscar/lib/gcc-lib/sparc-ork-elf/2.8.1/adalib/libgnarl.a(kernel-peripherals.o)
                              /usr/local/openravenscar/lib/gcc-lib/sparc-ork-elf/2.8.1/adalib/libgnarl.a(kernel-interrupts.o) (kernel__peripherals__to_vector)
/usr/local/openravenscar/lib/gcc-lib/sparc-ork-elf/2.8.1/adalib/libgnarl.a(kernel-serial_output.o)
                              ./devicesfss_v1.o (kernel__serial_output__put__2)
/usr/local/openravenscar/lib/gcc-lib/sparc-ork-elf/2.8.1/adalib/libgnarl.a(context.o)
                              /usr/local/openravenscar/sparc-ork-elf/lib/ada_crt0.o (context_trap)
/usr/local/openravenscar/lib/gcc-lib/sparc-ork-elf/2.8.1/adalib/libgnarl.a(install_handler.o)
                              /usr/local/openravenscar/sparc-ork-elf/lib/ada_crt0.o (FP_Save_Pending)
/usr/local/openravenscar/lib/gcc-lib/sparc-ork-elf/2.8.1/adalib/libgnarl.a(int_level.o)
                              /usr/local/openravenscar/lib/gcc-lib/sparc-ork-elf/2.8.1/adalib/libgnarl.a(kernel-threads-protection.o) (disable_interrupts)
/usr/local/openravenscar/lib/gcc-lib/sparc-ork-elf/2.8.1/adalib/libgnat.a(a-except.o)
                              b~main.o (ada__exceptions___elabs)
/usr/local/openravenscar/lib/gcc-lib/sparc-ork-elf/2.8.1/adalib/libgnat.a(a-filico.o)
                              b~main.o (ada__finalization__list_controller___elabs)
[...]
Memory Configuration

Name             Origin             Length             Attributes
rom              0x00000000         0x00200000         xr
ram              0x02000000         0x003f8000         xrw
*default*        0x00000000         0xffffffff

Linker script and memory map

                0x00200000                PROM_SIZE=0x200000
                0x00400000                RAM_SIZE=0x400000
                0x00000000                PROM_START=0x0
                0x00200000                PROM_END=(PROM_START+PROM_SIZE)
                0x02000000                RAM_START=0x2000000
                0x02400000                RAM_END=(RAM_START+RAM_SIZE)

.text           0x02000000    0x328a0
 CREATE_OBJECT_SYMBOLS
                0x02000000                text_start=.
 *(.text)
 .text          0x02000000     0x1384 /usr/local/openravenscar/sparc-ork-elf/lib/ada_crt0.o
                0x020011bc                __exit
                0x02000000                trap_table
                0x02000000                start
                0x020011bc                _exit
 .text          0x02001384      0x24c b~main.o
                0x020015b8                ada_main___elabb
                0x02001384                adainit
                0x02001538                main
                0x0200151c                adafinal
 .text          0x020015d0       0x1c ./main.o
                0x020015d0                _ada_main
 .text          0x020015ec      0x2b8 ./testing_1.o
                0x020015ec                testing_1___elabs
 .text          0x020018a4     0x4af4 ./devicesfss_v1.o
                0x02003568                devicesfss_v1___init_proc__6
                0x0200494c                devicesfss_v1___init_proc__9
                0x02001ed8                devicesfss_v1__read_light_intensity
                0x0200578c                devicesfss_v1__display_altitude
                0x020035bc                devicesfss_v1__read_pilotbutton
                0x02005f70                devicesfss_v1__display_cronometro
                0x020029f4                devicesfss_v1___init_proc__4
                0x02005b60                devicesfss_v1__display_joystick
                0x0200537c                devicesfss_v1__light_1
                0x020041ec                devicesfss_v1__read_altitude
                0x020058a4                devicesfss_v1__display_distance
                0x0200498c                devicesfss_v1__read_pitch
                0x0200244c                devicesfss_v1___init_proc__3
                0x020041a4                devicesfss_v1___init_proc__8
                0x02005e14                devicesfss_v1__display_message
                0x02001904                devicesfss_v1__read_distance
                0x02005a48                devicesfss_v1__display_light_intensity
                0x02005ad4                devicesfss_v1__display_pilot_power
                0x02002a54                devicesfss_v1__read_power
                0x02003b48                devicesfss_v1__read_speed
                0x020059bc                devicesfss_v1__display_roll
                0x02005d2c                devicesfss_v1__display_pilot_button
                0x02004f84                devicesfss_v1__read_roll
                0x02005ef4                devicesfss_v1__display_clear
                0x020062e0                devicesfss_v1___elabb
                0x02003b08                devicesfss_v1___init_proc__7
                0x02001e78                devicesfss_v1___init_proc__2
                0x0200542c                devicesfss_v1__light_2
                0x0200301c                devicesfss_v1__read_pilotpresence
                0x020049b4                devicesfss_v1__set_aircraft_pitch
                0x02005818                devicesfss_v1__display_speed
                0x02004fac                devicesfss_v1__set_aircraft_roll
                0x020024ac                devicesfss_v1__read_joystick
                0x0200550c                devicesfss_v1__alarm
                0x02005c44                devicesfss_v1__display_pilot_presence
                0x02003b70                devicesfss_v1__set_speed
                0x02005930                devicesfss_v1__display_pitch
                0x02002fc8                devicesfss_v1___init_proc__5
                0x02004f44                devicesfss_v1___init_proc__10
                0x020018a4                devicesfss_v1___init_proc
 .text          0x02006398      0x9a8 ./workload.o
                0x02006398                workload___elabs
                0x02006798                workload__small_whetstone
                0x02006d28                workload___elabb
 .text          0x02006d40      0xd08 ./tools.o
                0x02007a18                tools___elabb
                0x020079a4                tools__execution_time
                0x020078fc                tools__finish_activity
                0x020077ac                tools__print_a_string
                0x0200702c                tools__print_chrono
                0x02007854                tools__start_activity
                0x02006d40                tools___elabs
                0x02007454                tools__print_an_integer
                0x0200760c                tools__print_a_float
                0x02006d8c                tools__current_time
 .text          0x02007a48     0x2dc0 ./fss.o
                0x02007a84                fss___init_proc
                0x02009234                fss___init_proc__5
                0x02007a48                fss__background
                0x0200913c                fss___init_proc__3
                0x0200a4bc                fss___elabb
                0x02008210                fss___init_proc__2
                0x020091b8                fss___init_proc__4
 .text          0x0200a808      0x5e4 /usr/local/openravenscar/lib/gcc-lib/sparc-ork-elf/2.8.1/adalib/libgnarl.a(a-reatim.o)
                0x0200a834                ada__real_time__Oadd__2
                0x0200aa08                ada__real_time__split
                0x0200a824                ada__real_time__Oadd
                0x0200a884                ada__real_time__Osubtract__4
                0x0200a988                ada__real_time__nanoseconds
                0x0200a8f4                ada__real_time__Odivide__2
                0x0200a8b0                ada__real_time__Odivide
                0x0200a864                ada__real_time__Osubtract__2
                0x0200a978                ada__real_time__to_duration
                0x0200ad20                ada__real_time__time_of
                0x0200a844                ada__real_time__Oadd__3
                0x0200a9d8                ada__real_time__milliseconds
                0x0200a808                ada__real_time__clock
                0x0200a9ac                ada__real_time__microseconds
                0x0200a854                ada__real_time__Osubtract
                0x0200a874                ada__real_time__Osubtract__3
                0x0200a980                ada__real_time__to_time_span
                0x0200a94c                ada__real_time__Omultiply__2
                0x0200a920                ada__real_time__Omultiply
 .text          0x0200adec       0x68 /usr/local/openravenscar/lib/gcc-lib/sparc-ork-elf/2.8.1/adalib/libgnarl.a(a-retide.o)
                0x0200ae30                ada__real_time__delays__to_duration
                0x0200adec                ada__real_time__delays__delay_until
 .text          0x0200ae54      0x10c /usr/local/openravenscar/lib/gcc-lib/sparc-ork-elf/2.8.1/adalib/libgnarl.a(s-taprob.o)
                0x0200af40                system__tasking__protected_objects___init_proc
                0x0200af10                system__tasking__protected_objects__unlock
                0x0200ae80                system__tasking__protected_objects__lock
                0x0200af4c                system__tasking__protected_objects___init_proc__2
                0x0200ae54                system__tasking__protected_objects__initialize_protection
                0x0200aec8                system__tasking__protected_objects__lock_read_only
                0x0200af28                system__tasking__protected_objects__finalize_protection
 .text          0x0200af60      0x978 /usr/local/openravenscar/lib/gcc-lib/sparc-ork-elf/2.8.1/adalib/libgnarl.a(s-taprop.o)
                0x0200b1e0                system__task_primitives__operations__get_priority
                0x0200b058                system__task_primitives__operations__unlock__2
                0x0200b3b8                system__task_primitives__operations__check_no_locks
                0x0200afdc                system__task_primitives__operations__write_lock
                0x0200b418                system__task_primitives__operations__resume_task
                0x0200b498                system__task_primitives__operations___elabb
                0x0200b124                system__task_primitives__operations__clock
                0x0200aff8                system__task_primitives__operations__write_lock__2
                0x0200af98                system__task_primitives__operations__get_thread_id
                0x0200b0ac                system__task_primitives__operations__timed_delay
                0x0200b1c0                system__task_primitives__operations__set_priority
                0x0200b088                system__task_primitives__operations__timed_sleep
                0x0200af7c                system__task_primitives__operations__self
                0x0200b070                system__task_primitives__operations__sleep
                0x0200b39c                system__task_primitives__operations__set_exit_task_procedure
                0x0200b044                system__task_primitives__operations__unlock
                0x0200b3d0                system__task_primitives__operations__environment_task
                0x0200afa4                system__task_primitives__operations__initialize_lock
                0x0200b6cc                system__task_primitives__operations___init_proc
                0x0200b380                system__task_primitives__operations__exit_task
                0x0200b148                system__task_primitives__operations__wakeup
                0x0200af60                system__task_primitives__operations__set
                0x0200b3a8                system__task_primitives__operations__abort_task
                0x0200b3dc                system__task_primitives__operations__lock_all_tasks_list
                0x0200b010                system__task_primitives__operations__write_lock__3
                0x0200b370                system__task_primitives__operations__finalize_tcb
                0x0200b25c                system__task_primitives__operations__new_atcb
                0x0200b410                system__task_primitives__operations__suspend_task
                0x0200b15c                system__task_primitives__operations__yield
                0x0200b3f8                system__task_primitives__operations__unlock_all_tasks_list
                0x0200b420                system__task_primitives__operations__initialize
                0x0200b3b0                system__task_primitives__operations__check_exit
                0x0200b2d4                system__task_primitives__operations__initialize_tcb
                0x0200af90                system__task_primitives__operations__stack_guard
                0x0200afd4                system__task_primitives__operations__finalize_lock
                0x0200b378                system__task_primitives__operations__default_exit_task_procedure
                0x0200b310                system__task_primitives__operations__create_task
                0x0200afbc                system__task_primitives__operations__initialize_lock__2
                0x0200b028                system__task_primitives__operations__read_lock
                0x0200b1f8                system__task_primitives__operations__enter_task
 .text          0x0200b8d8      0x924 /usr/local/openravenscar/lib/gcc-lib/sparc-ork-elf/2.8.1/adalib/libgnarl.a(s-tarest.o)
                0x0200bb4c                system__tasking__restricted__stages__create_restricted_task
                0x0200c04c                system__tasking__restricted__stages__restricted_terminated
                0x0200bd5c                system__tasking__restricted__stages__activate_restricted_tasks
                0x0200bf1c                system__tasking__restricted__stages__complete_restricted_activation
                0x0200c060                system__tasking__restricted__stages__finalize_global_tasks
                0x0200c0b4                system__tasking__restricted__stages___elabb
                0x0200bfec                system__tasking__restricted__stages__complete_restricted_task
 .text          0x0200c1fc      0xf44 /usr/local/openravenscar/lib/gcc-lib/sparc-ork-elf/2.8.1/adalib/libgnarl.a(s-tasdeb.o)
                0x0200ce74                system__tasking__debug__image
                0x0200d118                system__tasking__debug___init_proc__2
                0x0200cb50                system__tasking__debug__print_current_task
                0x0200cdc4                system__tasking__debug__trace__2
                0x0200c1fc                system__tasking__debug___elabs
                0x0200cb6c                system__tasking__debug__list_tasks
                0x0200d01c                system__tasking__debug__resume_all_tasks
                0x0200c274                system__tasking__debug__set_user_state
                0x0200c99c                system__tasking__debug__print_task_info_header
                0x0200d0d8                system__tasking__debug___init_proc
                0x0200c260                system__tasking__debug__self
                0x0200d054                system__tasking__debug___elabb
                0x0200cbac                system__tasking__debug__print_accept_info
                0x0200ce60                system__tasking__debug__set_trace
                0x0200cc70                system__tasking__debug__trace
                0x0200cdf8                system__tasking__debug__trace__3
                0x0200ce2c                system__tasking__debug__trace__4
                0x0200c55c                system__tasking__debug__print_task_info
                0x0200c258                system__tasking__debug__task_termination_hook
                0x0200c250                system__tasking__debug__task_creation_hook
                0x0200cfe4                system__tasking__debug__suspend_all_tasks
 .text          0x0200d140      0x75c /usr/local/openravenscar/lib/gcc-lib/sparc-ork-elf/2.8.1/adalib/libgnarl.a(s-taskin.o)
                0x0200d554                system__tasking___init_proc__3
                0x0200d7fc                system__tasking___init_proc__8
                0x0200d7bc                system__tasking___init_proc__7
                0x0200d140                system__tasking__self
                0x0200d51c                system__tasking___init_proc__2
                0x0200d27c                system__tasking___elabb
                0x0200d5d0                system__tasking___init_proc__4
                0x0200d808                system__tasking___init_proc__9
                0x0200d4c8                system__tasking___init_proc
                0x0200d624                system__tasking___init_proc__6
                0x0200d154                system__tasking__initialize_atcb
                0x0200d5dc                system__tasking___init_proc__5
 .text          0x0200d89c       0x14 /usr/local/openravenscar/lib/gcc-lib/sparc-ork-elf/2.8.1/adalib/libgnarl.a(s-taspri.o)
                0x0200d89c                system__task_primitives___init_proc
 .text          0x0200d8b0      0x1f0 /usr/local/openravenscar/lib/gcc-lib/sparc-ork-elf/2.8.1/adalib/libgnarl.a(kernel-interrupts.o)
                0x0200d978                kernel_detach_interrupt_handler
                0x0200d9c0                kernel__interrupts___elabb
                0x0200d8b0                kernel__interrupts__null_handler
                0x0200d8b8                kernel__interrupts__wrapper
                0x0200d9a0                kernel_current_interrupt_handler
                0x0200d918                kernel_attach_interrupt_handler
                0x0200da44                kernel__interrupts___init_proc__2
                0x0200da2c                kernel__interrupts___init_proc
 .text          0x0200daa0      0x5dc /usr/local/openravenscar/lib/gcc-lib/sparc-ork-elf/2.8.1/adalib/libgnarl.a(kernel-threads.o)
                0x0200daa0                kernel__threads___elabs
                0x0200e040                kernel__threads___init_proc__3
                0x0200dd10                kernel_yield
                0x0200de10                kernel_check_no_mutexes
                0x0200de20                kernel_condition_init
                0x0200dc70                kernel__threads__set_active_priority
                0x0200dc24                kernel_set_priority
                0x0200dee4                kernel_condition_signal
                0x0200df44                kernel_thread_create
                0x0200db2c                kernel__threads__default_dummy_task_function
                0x0200e00c                kernel_thread_self
                0x0200dadc                kernel__threads__thread_caller
                0x0200de28                kernel_condition_wait
                0x0200db3c                kernel_initialize
                0x0200ddb0                kernel_mutex_unlock
                0x0200dd58                kernel_mutex_lock
                0x0200dd4c                kernel_mutex_init
                0x0200e01c                kernel__threads___elabb
                0x0200e02c                kernel__threads___init_proc
                0x0200e038                kernel__threads___init_proc__2
                0x0200dcf4                kernel_get_priority
 .text          0x0200e07c       0x28 /usr/local/openravenscar/lib/gcc-lib/sparc-ork-elf/2.8.1/adalib/libgnarl.a(kernel-threads-atcb.o)
                0x0200e094                kernel__threads__atcb___elabb
                0x0200e084                kernel__threads__atcb__thread_self_atcb
                0x0200e07c                kernel__threads__atcb__set_atcb
 .text          0x0200e0a4      0x478 /usr/local/openravenscar/lib/gcc-lib/sparc-ork-elf/2.8.1/adalib/libgnarl.a(kernel-threads-queues.o)
                0x0200e2bc                kernel__threads__queues__insert_alarm
                0x0200e160                kernel__threads__queues__insert_at_tail
                0x0200e0bc                kernel__threads__queues__insert_at_head
                0x0200e388                kernel__threads__queues__extract_first_alarm
                0x0200e270                kernel__threads__queues__get_new_thread_descriptor
                0x0200e48c                kernel__threads__queues___init_proc
                0x0200e204                kernel__threads__queues__extract_from_ready
                0x0200e3b4                kernel__threads__queues__get_next_alarm_time
                0x0200e3e8                kernel__threads__queues___elabb
                0x0200e24c                kernel__threads__queues__next_running
                0x0200e0b0                kernel__threads__queues__environment_thread_id
                0x0200e0a4                kernel__threads__queues__dummy_thread_id
 .text          0x0200e51c      0x108 /usr/local/openravenscar/lib/gcc-lib/sparc-ork-elf/2.8.1/adalib/libgnarl.a(kernel-threads-protection.o)
                0x0200e540                kernel__threads__protection__leave_kernel
                0x0200e51c                kernel__threads__protection__dispatch
                0x0200e614                kernel__threads__protection___elabb
                0x0200e52c                kernel__threads__protection__enter_kernel
 .text          0x0200e624      0x3c4 /usr/local/openravenscar/lib/gcc-lib/sparc-ork-elf/2.8.1/adalib/libgnarl.a(kernel-time.o)
                0x0200e6dc                kernel_delay_until
                0x0200e624                kernel_clock
                0x0200e9a8                kernel__time___elabb
 .text          0x0200e9e8       0x9c /usr/local/openravenscar/lib/gcc-lib/sparc-ork-elf/2.8.1/adalib/libgnarl.a(kernel-memory.o)
                0x0200ea44                kernel__memory___elabb
                0x0200e9f0                kernel_new_stack
                0x0200e9e8                kernel_new_memory_region
 .text          0x0200ea84       0x88 /usr/local/openravenscar/lib/gcc-lib/sparc-ork-elf/2.8.1/adalib/libgnarl.a(kernel-cpu_primitives.o)
                0x0200ea84                kernel__cpu_primitives__context_switch
                0x0200ea90                kernel__cpu_primitives__initialize_context
                0x0200eafc                kernel__cpu_primitives___elabb
 .text          0x0200eb0c       0x44 /usr/local/openravenscar/lib/gcc-lib/sparc-ork-elf/2.8.1/adalib/libgnarl.a(kernel-peripherals-registers.o)
                0x0200eb0c                kernel__peripherals__registers___elabs
 .text          0x0200eb50      0x6ac /usr/local/openravenscar/lib/gcc-lib/sparc-ork-elf/2.8.1/adalib/libgnarl.a(kernel-peripherals.o)
                0x0200eb60                kernel__peripherals__stop_watch_dog
                0x0200eb50                kernel__peripherals__to_vector
                0x0200eb7c                kernel__peripherals__init_clock
                0x0200f148                kernel__peripherals___elabb
                0x0200ec60                kernel__peripherals__cancel_and_set_alarm
                0x0200ec3c                kernel__peripherals__init_board
                0x0200ec74                kernel__peripherals__set_alarm
                0x0200ede8                kernel__peripherals__read_clock
                0x0200ee58                kernel__peripherals__clear_alarm_interrupt
                0x0200f088                kernel__peripherals__uart_send
                0x0200ee60                kernel__peripherals__clear_clock_interrupt
                0x0200ef9c                kernel__peripherals__init_uart
                0x0200eb74                kernel__peripherals__memory_configuration
                0x0200ee68                kernel__peripherals__protect_segment
                0x0200eb58                kernel__peripherals__priority_of_interrupt
 .text          0x0200f1fc       0xe4 /usr/local/openravenscar/lib/gcc-lib/sparc-ork-elf/2.8.1/adalib/libgnarl.a(kernel-serial_output.o)
                0x0200f254                kernel_new_line
                0x0200f268                kernel_put_line_c
                0x0200f214                kernel__serial_output__put__2
                0x0200f1fc                kernel_put_c
                0x0200f284                kernel__serial_output__put_line__2
                0x0200f2b4                kernel__serial_output___elabb
 .text          0x0200f2e0      0x2dc /usr/local/openravenscar/lib/gcc-lib/sparc-ork-elf/2.8.1/adalib/libgnarl.a(context.o)
                0x0200f5b4                exit_from_context_switch
                0x0200f2e0                context_switch
                0x0200f2ec                context_trap
 .text          0x0200f5bc      0x60c /usr/local/openravenscar/lib/gcc-lib/sparc-ork-elf/2.8.1/adalib/libgnarl.a(install_handler.o)
                0x0200f674                set_next_running
                0x0200f5bc                enable_traps
                0x0200f620                install_trap_handler
                0x0200f5d0                install_int_handler
 .text          0x0200fbc8       0x34 /usr/local/openravenscar/lib/gcc-lib/sparc-ork-elf/2.8.1/adalib/libgnarl.a(int_level.o)
                0x0200fbc8                disable_interrupts
                0x0200fbe0                enable_interrupts
 .text          0x0200fbfc     0x25c0 /usr/local/openravenscar/lib/gcc-lib/sparc-ork-elf/2.8.1/adalib/libgnat.a(a-except.o)
                0x02011464                ada__exceptions__sdp_table_sort_move
                0x020115c4                ada__exceptions__string_to_eid
                0x02010c80                __gnat_raise_nodefer_with_msg
                0x0200fe2c                ada__exceptions__current_target_exception
                0x02010df8                ada__exceptions__raise_from_signal_handler
                0x0200fc7c                ada__exceptions__address_image
                0x0201107c                ada__exceptions__save_occurrence
                0x02011c60                __gnat_notify_exception
                0x02010940                ada__exceptions__propagate_exception
                0x020107b4                ada__exceptions__exception_name_simple
                0x02010fd0                __gnat_reraise
                0x02010d60                __gnat_raise_exception
                0x0200fbfc                ada__exceptions___elabs
                0x0200fd84                __gnat_break_start
                0x0200fd70                ada__exceptions__allocate_machine_state
                0x0200fe50                ada__exceptions__deallocate_machine_state
                0x02010104                ada__exceptions__exception_information
                0x02010f30                __gnat_raise_storage_error
                0x0200fec0                ada__exceptions__eo_to_string
                0x020113c8                ada__exceptions__sdp_table_sort_lt
                0x020120d4                ada__exceptions__raise_exception_no_defer
                0x020106c0                ada__exceptions__exception_name__2
                0x0201217c                ada__exceptions__zzz
                0x0200fc6c                ada__exceptions__poll
                0x02010f50                ada__exceptions__raise_with_c_msg
                0x02011cf4                ada__exceptions__unhandled_exception_terminate
                0x0200fe64                ada__exceptions__eid_to_string
                0x02011110                ada__exceptions__save_occurrence__2
                0x02010ebc                ada__exceptions__raise_with_location
                0x02010e94                ada__exceptions__raise_no_msg
                0x020105fc                ada__exceptions__exception_message
                0x02011494                ada__exceptions__set_exception_c_msg
                0x020116ec                ada__exceptions__string_to_eo
                0x02010ef0                __gnat_raise_constraint_error
                0x02011008                ada__exceptions__reraise_occurrence
                0x02012184                ada__exceptions___elabb
                0x020121ac                ada__exceptions___init_proc
                0x02010784                ada__exceptions__exception_name
                0x0200fc74                ada__exceptions__aaa
                0x02011050                ada__exceptions__reraise_occurrence_no_defer
                0x0200ff20                ada__exceptions__exception_identity
                0x0201113c                __gnat_SDP_Table_Build
                0x02011c58                __gnat_unhandled_exception
                0x0200fd8c                ada__exceptions__call_chain
                0x02010f84                __gnat_raise_with_msg
                0x02010f10                __gnat_raise_program_error
 .text          0x020121bc      0x2ec /usr/local/openravenscar/lib/gcc-lib/sparc-ork-elf/2.8.1/adalib/libgnat.a(a-filico.o)
                0x02012208                ada__finalization__list_controller___deep_finalize__2
                0x02012474                ada__finalization__list_controller___init_proc__2
                0x02012438                ada__finalization__list_controller__finalize
                0x020121f8                ada__finalization__list_controller___size__2
                0x02012450                ada__finalization__list_controller___init_proc
                0x02012404                ada__finalization__list_controller__finalize__2
                0x02012234                ada__finalization__list_controller___elabs
                0x020121bc                ada__finalization__list_controller___size
                0x020123ec                ada__finalization__list_controller__initialize__2
                0x020121cc                ada__finalization__list_controller___deep_finalize
 .text          0x020124a8      0x560 /usr/local/openravenscar/lib/gcc-lib/sparc-ork-elf/2.8.1/adalib/libgnat.a(a-finali.o)
                0x02012708                ada__finalization___size__4
                0x02012988                ada__finalization__initialize
                0x020129a0                ada__finalization__Oeq__2
                0x020129c8                ada__finalization___init_proc
                0x020124d0                ada__finalization___write__3
                0x020129c0                ada__finalization__finalize__2
                0x020124a8                ada__finalization___size__3
                0x020124b8                ada__finalization___read__3
                0x02012990                ada__finalization__adjust
                0x020129e8                ada__finalization___init_proc__2
                0x02012744                ada__finalization___elabs
                0x02012998                ada__finalization__finalize
                0x020126b4                ada__finalization___deep_adjust
                0x020129b8                ada__finalization__initialize__2
                0x020124e8                ada__finalization___assign__3
                0x020126dc                ada__finalization___deep_finalize
                0x02012718                ada__finalization___deep_finalize__2
 .text          0x02012a08       0x6c /usr/local/openravenscar/lib/gcc-lib/sparc-ork-elf/2.8.1/adalib/libgnat.a(a-ioexce.o)
                0x02012a08                ada__io_exceptions___elabs
 .text          0x02012a74     0x1e98 /usr/local/openravenscar/lib/gcc-lib/sparc-ork-elf/2.8.1/adalib/libgnat.a(a-nuelfu.o)
                0x02014530                ada__numerics__elementary_functions__sinh
                0x020133b8                ada__numerics__elementary_functions__arcsin
                0x020131a0                ada__numerics__elementary_functions__arccosh
                0x020135e4                ada__numerics__elementary_functions__arcsinh
                0x02012a74                ada__numerics__elementary_functions__Oexpon
                0x020132b4                ada__numerics__elementary_functions__arccoth
                0x02013298                ada__numerics__elementary_functions__arccot__2
                0x0201348c                ada__numerics__elementary_functions__arcsin__2
                0x02013814                ada__numerics__elementary_functions__arctan__2
                0x02013034                ada__numerics__elementary_functions__arccos__2
                0x02013b14                ada__numerics__elementary_functions__cos
                0x0201463c                ada__numerics__elementary_functions__sqrt
                0x02014748                ada__numerics__elementary_functions__tan__2
                0x02014434                ada__numerics__elementary_functions__sin__2
                0x020142c4                ada__numerics__elementary_functions__log__2
                0x02013d18                ada__numerics__elementary_functions__cot__2
                0x02014878                ada__numerics__elementary_functions__tanh
                0x02013e80                ada__numerics__elementary_functions__coth
                0x02014208                ada__numerics__elementary_functions__log
                0x02013bc4                ada__numerics__elementary_functions__cosh
                0x02013280                ada__numerics__elementary_functions__arccot
                0x02013704                ada__numerics__elementary_functions__arctan
                0x020143ec                ada__numerics__elementary_functions__sin
                0x02012f34                ada__numerics__elementary_functions__arccos
                0x02013b80                ada__numerics__elementary_functions__cos__2
                0x020146c0                ada__numerics__elementary_functions__tan
                0x02013f74                ada__numerics__elementary_functions__exp
                0x02013c70                ada__numerics__elementary_functions__cot
                0x02013988                ada__numerics__elementary_functions__arctanh
 .text          0x0201490c       0x18 /usr/local/openravenscar/lib/gcc-lib/sparc-ork-elf/2.8.1/adalib/libgnat.a(a-numeri.o)
                0x0201490c                ada__numerics___elabs
 .text          0x02014924       0xc0 /usr/local/openravenscar/lib/gcc-lib/sparc-ork-elf/2.8.1/adalib/libgnat.a(a-stream.o)
                0x0201493c                ada__streams___elabs
                0x02014934                ada__streams___deep_finalize
                0x02014924                ada__streams___size
                0x020149d4                ada__streams___init_proc
 .text          0x020149e4      0x934 /usr/local/openravenscar/lib/gcc-lib/sparc-ork-elf/2.8.1/adalib/libgnat.a(a-tags.o)
                0x0201504c                ada__tags__length
                0x020152b8                ada__tags___init_proc
                0x02014b58                ada__tags__external_tag_htable__removeXn
                0x02015170                ada__tags__get_rc_offset
                0x0201528c                ada__tags__set_remotely_callable
                0x02015254                ada__tags__set_prim_op_address
                0x02015234                ada__tags__register_tag
                0x020151d4                ada__tags__inherit_tsd
                0x020149e4                ada__tags___elabs
                0x0201514c                ada__tags__get_expanded_name
                0x02015268                ada__tags__set_expanded_name
                0x0201517c                ada__tags__get_remotely_callable
                0x02014d74                ada__tags__expanded_name
                0x020149fc                ada__tags__external_tag_htable__getXn
                0x02015164                ada__tags__get_inheritance_depth
                0x02015194                ada__tags__get_tsd
                0x02014c50                ada__tags__external_tag_htable__setXn
                0x0201510c                ada__tags__cw_membership
                0x0201519c                ada__tags__inherit_dt
                0x02014aa4                ada__tags__external_tag_htable__get_nextXn
                0x02014e7c                ada__tags__get_external_tag
                0x02014ea0                ada__tags__internal_tag
                0x020152c0                ada__tags___init_proc__2
                0x020150a8                ada__tags___elabb
                0x02015260                ada__tags__set_tsd
                0x02015274                ada__tags__set_external_tag
                0x02014cc4                ada__tags__get_ht_link
                0x02015080                ada__tags__parent_size
                0x02014c8c                ada__tags__equal
                0x02014a70                ada__tags__external_tag_htable__get_firstXn
                0x02015248                ada__tags__set_inheritance_depth
                0x02014df8                ada__tags__external_tag
                0x02014ae0                ada__tags__external_tag_htable__get_non_nullXn
                0x02015158                ada__tags__get_prim_op_address
                0x02015280                ada__tags__set_rc_offset
                0x02014d30                ada__tags__hash
                0x02014c10                ada__tags__external_tag_htable__resetXn
                0x02014d68                ada__tags__set_ht_link
                0x020152cc                ada__tags__external_tag_htable___init_procXn
 .text          0x02015318      0x25c /usr/local/openravenscar/lib/gcc-lib/sparc-ork-elf/2.8.1/adalib/libgnat.a(g-except.o)
                0x02015464                gnat__exceptions___deep_finalize
                0x02015330                gnat__exceptions___write
                0x0201536c                gnat__exceptions___output
                0x0201538c                gnat__exceptions___assign
                0x02015338                gnat__exceptions___input
                0x0201546c                gnat__exceptions___elabs
                0x02015328                gnat__exceptions___read
                0x02015318                gnat__exceptions___size
                0x02015564                gnat__exceptions___init_proc
                0x02015384                gnat__exceptions__Oeq
                0x0201545c                gnat__exceptions___deep_adjust
 .text          0x02015574      0x174 /usr/local/openravenscar/lib/gcc-lib/sparc-ork-elf/2.8.1/adalib/libgnat.a(g-hesora.o)
                0x02015644                gnat__heap_sort_a__sort
 .text          0x020156e8      0xc6c /usr/local/openravenscar/lib/gcc-lib/sparc-ork-elf/2.8.1/adalib/libgnat.a(i-c.o)
                0x02015ff8                interfaces__c__to_c__4
                0x02015b38                interfaces__c__to_ada__6
                0x0201574c                interfaces__c__is_nul_terminated__2
                0x0201579c                interfaces__c__to_ada
                0x020157a4                interfaces__c__to_ada__2
                0x02015c60                interfaces__c__to_c
                0x02015700                interfaces__c__is_nul_terminated
                0x020161ac                interfaces__c__to_c__6
                0x020158d8                interfaces__c__to_ada__3
                0x020156e8                interfaces__c___elabs
                0x02015e60                interfaces__c__to_c__3
                0x020159f8                interfaces__c__to_ada__5
                0x02016000                interfaces__c__to_c__5
                0x02015c68                interfaces__c__to_c__2
                0x020159f0                interfaces__c__to_ada__4
 .text          0x02016354     0x13b4 /usr/local/openravenscar/lib/gcc-lib/sparc-ork-elf/2.8.1/adalib/libgnat.a(s-arit64.o)
                0x02016490                system__arith_64__hi
                0x02016a38                system__arith_64__scaled_divide
                0x02016a08                system__arith_64__raise_error
                0x02016408                system__arith_64__Odivide
                0x0201637c                system__arith_64__Oadd__2
                0x02017634                system__arith_64__subtract_with_ovflo_check
                0x020163ac                system__arith_64__Omultiply
                0x020164a0                system__arith_64__lo
                0x020163dc                system__arith_64__Omultiply__2
                0x02016514                system__arith_64__double_divide
                0x02016804                system__arith_64__multiply_with_ovflo_check
                0x020176e8                system__arith_64__to_pos_int
                0x02016354                system__arith_64__Oadd
                0x02016460                system__arith_64__Oconcat
                0x020176b0                system__arith_64__to_neg_int
                0x02016434                system__arith_64__Orem
                0x020164a8                system__arith_64__add_with_ovflo_check
                0x02016394                system__arith_64__Osubtract
 .text          0x02017708      0x16c /usr/local/openravenscar/lib/gcc-lib/sparc-ork-elf/2.8.1/adalib/libgnat.a(s-except.o)
                0x0201772c                system__exceptions___init_proc
                0x02017708                system__exceptions___elabs
                0x020177d4                system__exceptions___init_proc__4
                0x02017774                system__exceptions___init_proc__3
                0x02017814                system__exceptions___init_proc__5
                0x02017734                system__exceptions___init_proc__2
 .text          0x02017874      0x54c /usr/local/openravenscar/lib/gcc-lib/sparc-ork-elf/2.8.1/adalib/libgnat.a(s-exctab.o)
                0x02017b88                system__exception_table__get_key
                0x0201791c                system__exception_table__exception_htable__get_nextXn
                0x02017b50                system__exception_table__equal
                0x02017ac8                system__exception_table__exception_htable__setXn
                0x02017d74                system__exception_table__exception_htable___init_procXn
                0x02017874                system__exception_table__exception_htable__getXn
                0x02017b0c                system__exception_table__get_ht_link
                0x02017a88                system__exception_table__exception_htable__resetXn
                0x02017b04                system__exception_table__set_ht_link
                0x02017b90                system__exception_table__internal_exception
                0x02017958                system__exception_table__exception_htable__get_non_nullXn
                0x02017b14                system__exception_table__hash
                0x020178e8                system__exception_table__exception_htable__get_firstXn
                0x02017cc4                system__exception_table___elabb
                0x02017cb0                system__exception_table__register_exception
                0x020179d0                system__exception_table__exception_htable__removeXn
 .text          0x02017dc0      0x1c4 /usr/local/openravenscar/lib/gcc-lib/sparc-ork-elf/2.8.1/adalib/libgnat.a(s-exnflt.o)
                0x02017dc0                system__exn_flt__exn_float
 .text          0x02017f84      0xb2c /usr/local/openravenscar/lib/gcc-lib/sparc-ork-elf/2.8.1/adalib/libgnat.a(s-fatflt.o)
                0x02018938                system__fat_flt__fat_float__truncation
                0x020180c8                system__fat_flt__fat_float__decompose
                0x0201845c                system__fat_flt__fat_float__model
                0x02018364                system__fat_flt__fat_float__floor
                0x02018470                system__fat_flt__fat_float__pred
                0x02018738                system__fat_flt__fat_float__scaling
                0x020183ec                system__fat_flt__fat_float__leading_part
                0x020189e8                system__fat_flt__fat_float__unbiased_rounding
                0x02017fdc                system__fat_flt__fat_float__ceiling
                0x0201803c                system__fat_flt__fat_float__compose
                0x0201833c                system__fat_flt__fat_float__exponent
                0x020183c4                system__fat_flt__fat_float__fraction
                0x020182b4                system__fat_flt__fat_float__gradual_scaling
                0x02018528                system__fat_flt__fat_float__remainder
                0x020186b0                system__fat_flt__fat_float__rounding
                0x02017f84                system__fat_flt__fat_float__adjacent
                0x02018850                system__fat_flt__fat_float__succ
                0x02018a90                system__fat_flt__fat_float__valid
                0x0201806c                system__fat_flt__fat_float__copy_sign
                0x02018448                system__fat_flt__fat_float__machine
 .text          0x02018ab0     0x13dc /usr/local/openravenscar/lib/gcc-lib/sparc-ork-elf/2.8.1/adalib/libgnat.a(s-finimp.o)
                0x02019cd0                system__finalization_implementation__deep_tag_attach
                0x02018cdc                system__finalization_implementation___read__2
                0x02019330                system__finalization_implementation__detach_from_final_list
                0x02018b74                system__finalization_implementation___output
                0x0201978c                system__finalization_implementation__finalize_list
                0x02018da8                system__finalization_implementation__Oeq__2
                0x02019e5c                system__finalization_implementation___init_proc__2
                0x02018bd4                system__finalization_implementation___assign
                0x02019d88                system__finalization_implementation__initialize__2
                0x02019194                system__finalization_implementation__attach_to_final_list
                0x02019b34                system__finalization_implementation__deep_tag_adjust
                0x02018df0                system__finalization_implementation___assign__2
                0x02018b8c                system__finalization_implementation__Oeq
                0x02018b1c                system__finalization_implementation___input
                0x02018af8                system__finalization_implementation___write
                0x02019a44                system__finalization_implementation__deep_tag_initialize
                0x02019d80                system__finalization_implementation__initialize
                0x02019e38                system__finalization_implementation___init_proc
                0x02018d00                system__finalization_implementation___write__2
                0x02018ef0                system__finalization_implementation___elabs
                0x02018d90                system__finalization_implementation___output__2
                0x02018d24                system__finalization_implementation___input__2
                0x02018ac0                system__finalization_implementation___read
                0x020198f8                system__finalization_implementation__finalize_one
                0x02019c00                system__finalization_implementation__deep_tag_finalize
                0x020198d0                system__finalization_implementation__finalize_global_list
                0x02019e24                system__finalization_implementation__finalize
                0x02018ccc                system__finalization_implementation___size__2
                0x02019df0                system__finalization_implementation__adjust__2
                0x02018ab0                system__finalization_implementation___size
 .text          0x02019e8c      0x658 /usr/local/openravenscar/lib/gcc-lib/sparc-ork-elf/2.8.1/adalib/libgnat.a(s-finroo.o)
                0x02019e8c                system__finalization_root___size
                0x0201a4c0                system__finalization_root___init_proc__2
                0x02019e9c                system__finalization_root___read
                0x0201a1d4                system__finalization_root___elabs
                0x0201a08c                system__finalization_root__Oeq__2
                0x0201a01c                system__finalization_root___input__2
                0x02019ea4                system__finalization_root___write
                0x02019eb4                system__finalization_root___assign
                0x0201a480                system__finalization_root__finalize
                0x0201a074                system__finalization_root___output__2
                0x0201a420                system__finalization_root__initialize
                0x02019eac                system__finalization_root__Oeq
                0x02019f94                system__finalization_root___read__2
                0x02019fec                system__finalization_root___write__2
                0x02019f84                system__finalization_root___size__2
                0x0201a450                system__finalization_root__adjust
                0x0201a0e4                system__finalization_root___assign__2
                0x0201a4b0                system__finalization_root___init_proc
 .text          0x0201a4e4      0x1b4 /usr/local/openravenscar/lib/gcc-lib/sparc-ork-elf/2.8.1/adalib/libgnat.a(s-imgint.o)
                0x0201a620                system__img_int__set_image_integer
                0x0201a4e4                system__img_int__image_integer
 .text          0x0201a698      0xbc8 /usr/local/openravenscar/lib/gcc-lib/sparc-ork-elf/2.8.1/adalib/libgnat.a(s-imgrea.o)
                0x0201a698                system__img_real__image_ordinary_fixed_point
                0x0201ad84                system__img_real__set_image_real
                0x0201a76c                system__img_real__image_floating_point
 .text          0x0201b260      0x160 /usr/local/openravenscar/lib/gcc-lib/sparc-ork-elf/2.8.1/adalib/libgnat.a(s-imguns.o)
                0x0201b260                system__img_uns__image_unsigned
                0x0201b380                system__img_uns__set_image_unsigned
 .text          0x0201b3c0       0x40 /usr/local/openravenscar/lib/gcc-lib/sparc-ork-elf/2.8.1/adalib/libgnat.a(s-mastop.o)
                0x0201b3d8                system__machine_state_operations__get_code_loc
                0x0201b3c0                system__machine_state_operations__allocate_machine_state
                0x0201b3f8                system__machine_state_operations__set_signal_machine_state
                0x0201b3d0                system__machine_state_operations__free_machine_state
                0x0201b3e0                system__machine_state_operations__machine_state_length
                0x0201b3c8                system__machine_state_operations__enter_handler
                0x0201b3f0                system__machine_state_operations__set_machine_state
                0x0201b3e8                system__machine_state_operations__pop_frame
 .text          0x0201b400       0x50 /usr/local/openravenscar/lib/gcc-lib/sparc-ork-elf/2.8.1/adalib/libgnat.a(s-parame.o)
                0x0201b408                system__parameters__minimum_stack_size
                0x0201b410                system__parameters__adjust_storage_size
                0x0201b400                system__parameters__default_stack_size
 .text          0x0201b450      0x314 /usr/local/openravenscar/lib/gcc-lib/sparc-ork-elf/2.8.1/adalib/libgnat.a(s-secsta.o)
                0x0201b75c                system__secondary_stack___init_proc__2
                0x0201b700                system__secondary_stack___elabb
                0x0201b450                system__secondary_stack__ss_allocate
                0x0201b644                system__secondary_stack__ss_free
                0x0201b6e0                system__secondary_stack__ss_release
                0x0201b6c0                system__secondary_stack__ss_mark
                0x0201b748                system__secondary_stack___init_proc
                0x0201b5e0                system__secondary_stack__ss_init
 .text          0x0201b764      0x1fc /usr/local/openravenscar/lib/gcc-lib/sparc-ork-elf/2.8.1/adalib/libgnat.a(s-sopco3.o)
                0x0201b764                system__string_ops_concat_3__str_concat_3
 .text          0x0201b960      0x1e4 /usr/local/openravenscar/lib/gcc-lib/sparc-ork-elf/2.8.1/adalib/libgnat.a(s-stache.o)
                0x0201b960                system__stack_checking___elabs
                0x0201b978                _gnat_stack_check
                0x0201bafc                system__stack_checking__set_stack_size
                0x0201bb34                system__stack_checking___init_proc
                0x0201ba04                system__stack_checking__invalidate_stack_cache
                0x0201bb24                system__stack_checking__update_stack_cache
 .text          0x0201bb44       0x28 /usr/local/openravenscar/lib/gcc-lib/sparc-ork-elf/2.8.1/adalib/libgnat.a(s-stalib.o)
                0x0201bb44                system__standard_library__abort_undefer_direct
                0x0201bb60                system__standard_library___init_proc
 .text          0x0201bb6c       0x64 /usr/local/openravenscar/lib/gcc-lib/sparc-ork-elf/2.8.1/adalib/libgnat.a(s-stoele.o)
                0x0201bb8c                system__storage_elements__Omod
                0x0201bbc0                system__storage_elements__to_address
                0x0201bb74                system__storage_elements__Oadd__2
                0x0201bb7c                system__storage_elements__Osubtract
                0x0201bb6c                system__storage_elements__Oadd
                0x0201bbc8                system__storage_elements__to_integer
                0x0201bb84                system__storage_elements__Osubtract__2
 .text          0x0201bbd0     0x102c /usr/local/openravenscar/lib/gcc-lib/sparc-ork-elf/2.8.1/adalib/libgnat.a(s-stratt.o)
                0x0201c2e8                system__stream_attributes__i_si
                0x0201c5a0                system__stream_attributes__w_ad
                0x0201bcd8                system__stream_attributes__i_b
                0x0201c694                system__stream_attributes__w_c
                0x0201beb0                system__stream_attributes__i_lf
                0x0201c260                system__stream_attributes__i_sf
                0x0201cb1c                system__stream_attributes__w_su
                0x0201bd3c                system__stream_attributes__i_c
                0x0201bfe0                system__stream_attributes__i_llf
                0x0201c428                system__stream_attributes__i_su
                0x0201c130                system__stream_attributes__i_llu
                0x0201ca18                system__stream_attributes__w_sf
                0x0201c4a0                system__stream_attributes__i_u
                0x0201cbb8                system__stream_attributes__w_wc
                0x0201bbd0                system__stream_attributes__i_ad
                0x0201cb60                system__stream_attributes__w_u
                0x0201c9c0                system__stream_attributes__w_lu
                0x0201c660                system__stream_attributes__w_b
                0x0201c8c8                system__stream_attributes__w_lli
                0x0201c3c4                system__stream_attributes__i_ssu
                0x0201bf58                system__stream_attributes__i_li
                0x0201cab4                system__stream_attributes__w_ssi
                0x0201ca70                system__stream_attributes__w_si
                0x0201c778                system__stream_attributes__w_lf
                0x0201c360                system__stream_attributes__i_ssi
                0x0201bda0                system__stream_attributes__i_f
                0x0201c7f4                system__stream_attributes__w_li
                0x0201c610                system__stream_attributes__w_as
                0x0201c720                system__stream_attributes__w_i
                0x0201be28                system__stream_attributes__i_i
                0x0201c088                system__stream_attributes__i_lli
                0x0201c528                system__stream_attributes__i_wc
                0x0201c84c                system__stream_attributes__w_llf
                0x0201cae8                system__stream_attributes__w_ssu
                0x0201bc48                system__stream_attributes__i_as
                0x0201c6c8                system__stream_attributes__w_f
                0x0201c944                system__stream_attributes__w_llu
                0x0201c1d8                system__stream_attributes__i_lu
 .text          0x0201cbfc      0x5b8 /usr/local/openravenscar/lib/gcc-lib/sparc-ork-elf/2.8.1/adalib/libgnat.a(s-strops.o)
                0x0201d020                system__string_ops__str_equal
                0x0201cef8                system__string_ops__str_concat_sc
                0x0201d130                system__string_ops__str_normalize
                0x0201cbfc                system__string_ops__str_concat
                0x0201ce1c                system__string_ops__str_concat_cs
                0x0201d170                system__string_ops__wide_str_normalize
                0x0201cdbc                system__string_ops__str_concat_cc
 .text          0x0201d1b4      0x298 /usr/local/openravenscar/lib/gcc-lib/sparc-ork-elf/2.8.1/adalib/libgnat.a(s-soflin.o)
                0x0201d318                system__soft_links__set_jmpbuf_address_soft
                0x0201d284                system__soft_links__get_stack_info_nt
                0x0201d3e0                system__soft_links___elabb
                0x0201d278                system__soft_links__get_current_excep_nt
                0x0201d388                system__soft_links__set_exc_stack_addr_soft
                0x0201d1b4                system__soft_links__abort_defer_nt
                0x0201d1e8                system__soft_links__check_abort_status_nt
                0x0201d230                system__soft_links__get_sec_stack_addr_nt
                0x0201d224                system__soft_links__set_jmpbuf_address_nt
                0x0201d208                system__soft_links__task_lock_nt
                0x0201d3c4                system__soft_links__set_machine_state_addr_soft
                0x0201d1f8                system__soft_links__current_master_nt
                0x0201d1bc                system__soft_links__abort_handler_nt
                0x0201d2b4                system__soft_links__destroy_tsd
                0x0201d36c                system__soft_links__get_exc_stack_addr_soft
                0x0201d218                system__soft_links__get_jmpbuf_address_nt
                0x0201d1c4                system__soft_links__abort_undefer_nt
                0x0201d290                system__soft_links__create_tsd
                0x0201d254                system__soft_links__set_machine_state_addr_nt
                0x0201d23c                system__soft_links__set_sec_stack_addr_nt
                0x0201d1cc                system__soft_links__update_exception_nt
                0x0201d26c                system__soft_links__set_exc_stack_addr_nt
                0x0201d420                system__soft_links___init_proc
                0x0201d2fc                system__soft_links__get_jmpbuf_address_soft
                0x0201d200                system__soft_links__enter_master_nt
                0x0201d3a8                system__soft_links__get_machine_state_addr_soft
                0x0201d350                system__soft_links__set_sec_stack_addr_soft
                0x0201d210                system__soft_links__task_unlock_nt
                0x0201d2d8                system__soft_links__get_gnat_exception
                0x0201d334                system__soft_links__get_sec_stack_addr_soft
                0x0201d1f0                system__soft_links__complete_master_nt
                0x0201d248                system__soft_links__get_machine_state_addr_nt
                0x0201d260                system__soft_links__get_exc_stack_addr_nt
 .text          0x0201d44c       0x68 /usr/local/openravenscar/lib/gcc-lib/sparc-ork-elf/2.8.1/adalib/libgnat.a(s-traceb.o)
                0x0201d460                system__traceback__get_code_loc
                0x0201d488                system__traceback__pop_frame
                0x0201d474                system__traceback__free_machine_state
                0x0201d44c                system__traceback__allocate_machine_state
                0x0201d4a0                system__traceback__set_machine_state
 .text          0x0201d4b4       0xfc /usr/local/openravenscar/lib/gcc-lib/sparc-ork-elf/2.8.1/adalib/libgnat.a(a-argv.o)
                0x0201d57c                fill_env
                0x0201d520                env_count
                0x0201d55c                len_env
                0x0201d4b4                arg_count
                0x0201d4c0                gnat_argval
                0x0201d4ec                fill_arg
                0x0201d4cc                len_arg
 .text          0x0201d5b0      0x14c /usr/local/openravenscar/lib/gcc-lib/sparc-ork-elf/2.8.1/adalib/libgnat.a(a-cio.o)
                0x0201d5d0                put_int
                0x0201d5ec                get_char
                0x0201d5b0                get_int
                0x0201d6dc                put_char_stderr
                0x0201d63c                put_char
 .text          0x0201d6fc        0xc /usr/local/openravenscar/lib/gcc-lib/sparc-ork-elf/2.8.1/adalib/libgnat.a(a-exit.o)
                0x0201d6fc                set_gnat_exit_status
 .text          0x0201d708      0x1f4 /usr/local/openravenscar/lib/gcc-lib/sparc-ork-elf/2.8.1/adalib/libgnat.a(a-raise.o)
                0x0201d708                _gnat_builtin_longjmp
                0x0201d760                __gnat_malloc
                0x0201d818                __gnat_free
                0x0201d748                __gnat_unhandled_terminate
                0x0201d854                __gnat_realloc
 .text          0x0201d8fc      0x410 /usr/local/openravenscar/lib/gcc-lib/sparc-ork-elf/2.8.1/adalib/libgnat.a(a-init.o)
                0x0201daf0                __gnat_pop_frame
                0x0201dd04                __gnat_init_float
                0x0201d8fc                __gnat_set_globals
                0x0201dcfc                __gnat_get_code_loc
                0x0201d954                __gnat_initialize
                0x0201dc40                __gnat_enter_handler
                0x0201dcf4                __gnat_machine_state_length
                0x0201db94                __gnat_set_machine_state
 .text          0x0201dd0c        0x8 /usr/local/openravenscar/lib/gcc-lib/sparc-ork-elf/2.8.1/adalib/libgnat.a(a-final.o)
                0x0201dd0c                __gnat_finalize
 .text          0x0201dd14      0xc1c /usr/local/openravenscar/lib/gcc-lib/sparc-ork-elf/2.8.1/adalib/libgnat.a(s-fatllf.o)
                0x0201de18                system__fat_llf__fat_long_long_float__copy_sign
                0x0201e088                system__fat_llf__fat_long_long_float__gradual_scaling
                0x0201e85c                system__fat_llf__fat_long_long_float__unbiased_rounding
                0x0201e120                system__fat_llf__fat_long_long_float__exponent
                0x0201dde4                system__fat_llf__fat_long_long_float__compose
                0x0201e14c                system__fat_llf__fat_long_long_float__floor
                0x0201dd14                system__fat_llf__fat_long_long_float__adjacent
                0x0201e278                system__fat_llf__fat_long_long_float__pred
                0x0201e1b8                system__fat_llf__fat_long_long_float__fraction
                0x0201e338                system__fat_llf__fat_long_long_float__remainder
                0x0201e580                system__fat_llf__fat_long_long_float__scaling
                0x0201dd78                system__fat_llf__fat_long_long_float__ceiling
                0x0201de7c                system__fat_llf__fat_long_long_float__decompose
                0x0201e6a8                system__fat_llf__fat_long_long_float__succ
                0x0201e1e4                system__fat_llf__fat_long_long_float__leading_part
                0x0201e4e8                system__fat_llf__fat_long_long_float__rounding
                0x0201e260                system__fat_llf__fat_long_long_float__model
                0x0201e908                system__fat_llf__fat_long_long_float__valid
                0x0201e798                system__fat_llf__fat_long_long_float__truncation
                0x0201e24c                system__fat_llf__fat_long_long_float__machine
 .text          0x0201e930      0x18c /usr/local/openravenscar/lib/gcc-lib/sparc-ork-elf/2.8.1/adalib/libgnat.a(s-imgllu.o)
                0x0201e930                system__img_llu__image_long_long_unsigned
                0x0201ea78                system__img_llu__set_image_long_long_unsigned
 .text          0x0201eabc      0x894 /usr/local/openravenscar/lib/gcc-lib/sparc-ork-elf/2.8.1/adalib/libgnat.a(a-adaint.o)
                0x0201ec4c                get_object_suffix_ptr
                0x0201ebf8                Get_Default_Identifier_Character_Set
                0x0201ebe0                Get_Maximum_File_Name_Length
                0x0201ebf0                Get_File_Names_Case_Sensitive
                0x0201ee68                file_time_name
                0x0201ec08                Get_Pathsep_Char
                0x0201ece8                open_read
                0x0201ec00                Get_Dirsep_Char
                0x0201ef00                is_regular_file
                0x0201ebe8                Get_Switch_Character
                0x0201f0b4                locate_regular_file
                0x0201f304                to_canonical_file_list_next
                0x0201f330                to_host_dir_spec
                0x0201eee0                __gnat_file_exists
                0x0201edd4                __gnat_mkdir
                0x0201f328                to_canonical_path_spec
                0x0201ef80                is_writable_file
                0x0201edac                open_new_temp
                0x0201efb4                portable_spawn
                0x0201f318                to_canonical_dir_spec
                0x0201eea0                get_env_value_ptr
                0x0201ee84                file_time_fd
                0x0201ee60                readdir_is_thread_safe
                0x0201ed84                open_new
                0x0201eabc                to_gm_time
                0x0201eb30                Try_Lock
                0x0201f320                to_canonical_file_spec
                0x0201f070                portable_wait
                0x0201f2fc                to_canonical_file_list_init
                0x0201f348                convert_addresses
                0x0201ec80                get_executable_suffix_ptr
                0x0201ef40                is_directory
                0x0201ed5c                open_append
                0x0201ed34                open_create
                0x0201ed0c                open_rw
                0x0201edec                file_length
                0x0201ee2c                readdir_gnat
                0x0201f340                adjust_os_resource_limits
                0x0201f240                locate_exec
                0x0201f030                portable_no_block_spawn
                0x0201f0a0                os_exit
                0x0201eed4                Get_Libraries_From_Registry
                0x0201f310                to_canonical_file_list_free
                0x0201ec10                Get_Current_Dir
                0x0201f338                to_host_file_spec
                0x0201f2b4                locate_exec_on_path
                0x0201ecb4                get_debuggable_suffix_ptr
 .text          0x0201f350      0x294 /usr/local/openravenscar/sparc-ork-elf/lib/libm.a(s_atan.o)
                0x0201f350                atan
 .text          0x0201f5e4       0xf0 /usr/local/openravenscar/sparc-ork-elf/lib/libm.a(s_cos.o)
                0x0201f5e4                cos
 .text          0x0201f6d4       0x2c /usr/local/openravenscar/sparc-ork-elf/lib/libm.a(s_fabs.o)
                0x0201f6d4                fabs
 .text          0x0201f700       0xf0 /usr/local/openravenscar/sparc-ork-elf/lib/libm.a(s_sin.o)
                0x0201f700                sin
 .text          0x0201f7f0       0x9c /usr/local/openravenscar/sparc-ork-elf/lib/libm.a(s_tan.o)
                0x0201f7f0                tan
 .text          0x0201f88c      0x134 /usr/local/openravenscar/sparc-ork-elf/lib/libm.a(s_tanh.o)
                0x0201f88c                tanh
 .text          0x0201f9c0       0xf8 /usr/local/openravenscar/sparc-ork-elf/lib/libm.a(w_acos.o)
                0x0201f9c0                acos
 .text          0x0201fab8       0xf8 /usr/local/openravenscar/sparc-ork-elf/lib/libm.a(w_asin.o)
                0x0201fab8                asin
 .text          0x0201fbb0      0x1c0 /usr/local/openravenscar/sparc-ork-elf/lib/libm.a(w_exp.o)
                0x0201fbb0                exp
 .text          0x0201fd70      0x184 /usr/local/openravenscar/sparc-ork-elf/lib/libm.a(w_log.o)
                0x0201fd70                log
 .text          0x0201fef4      0x60c /usr/local/openravenscar/sparc-ork-elf/lib/libm.a(w_pow.o)
                0x0201fef4                pow
 .text          0x02020500      0x118 /usr/local/openravenscar/sparc-ork-elf/lib/libm.a(w_sqrt.o)
                0x02020500                sqrt
 .text          0x02020618      0x3ac /usr/local/openravenscar/sparc-ork-elf/lib/libm.a(e_acos.o)
                0x02020618                __ieee754_acos
 .text          0x020209c4      0x340 /usr/local/openravenscar/sparc-ork-elf/lib/libm.a(e_asin.o)
                0x020209c4                __ieee754_asin
 .text          0x02020d04      0x2f0 /usr/local/openravenscar/sparc-ork-elf/lib/libm.a(e_exp.o)
                0x02020d04                __ieee754_exp
 .text          0x02020ff4      0x310 /usr/local/openravenscar/sparc-ork-elf/lib/libm.a(e_log.o)
                0x02020ff4                __ieee754_log
 .text          0x02021304      0x99c /usr/local/openravenscar/sparc-ork-elf/lib/libm.a(e_pow.o)
                0x02021304                __ieee754_pow
 .text          0x02021ca0      0x3d8 /usr/local/openravenscar/sparc-ork-elf/lib/libm.a(e_rem_pio2.o)
                0x02021ca0                __ieee754_rem_pio2
 .text          0x02022078      0x264 /usr/local/openravenscar/sparc-ork-elf/lib/libm.a(e_sqrt.o)
                0x02022078                __ieee754_sqrt
 .text          0x020222dc      0x17c /usr/local/openravenscar/sparc-ork-elf/lib/libm.a(k_cos.o)
                0x020222dc                __kernel_cos
 .text          0x02022458      0x838 /usr/local/openravenscar/sparc-ork-elf/lib/libm.a(k_rem_pio2.o)
                0x02022458                __kernel_rem_pio2
 .text          0x02022c90      0x11c /usr/local/openravenscar/sparc-ork-elf/lib/libm.a(k_sin.o)
                0x02022c90                __kernel_sin
 .text          0x02022dac      0x2b4 /usr/local/openravenscar/sparc-ork-elf/lib/libm.a(k_tan.o)
                0x02022dac                __kernel_tan
 .text          0x02023060      0x40c /usr/local/openravenscar/sparc-ork-elf/lib/libm.a(s_expm1.o)
                0x02023060                expm1
 .text          0x0202346c       0x18 /usr/local/openravenscar/sparc-ork-elf/lib/libm.a(s_finite.o)
                0x0202346c                finite
 .text          0x02023484      0x1a0 /usr/local/openravenscar/sparc-ork-elf/lib/libm.a(s_floor.o)
                0x02023484                floor
 .text          0x02023624       0x28 /usr/local/openravenscar/sparc-ork-elf/lib/libm.a(s_isnan.o)
                0x02023624                isnan
 .text          0x0202364c        0x8 /usr/local/openravenscar/sparc-ork-elf/lib/libm.a(s_matherr.o)
                0x0202364c                matherr
 .text          0x02023654      0x1c8 /usr/local/openravenscar/sparc-ork-elf/lib/libm.a(s_rint.o)
                0x02023654                rint
 .text          0x0202381c      0x1d8 /usr/local/openravenscar/sparc-ork-elf/lib/libm.a(s_scalbn.o)
                0x0202381c                scalbn
 .text          0x020239f4       0x40 /usr/local/openravenscar/sparc-ork-elf/lib/libm.a(s_copysign.o)
                0x020239f4                copysign
 .text          0x02023a34        0x8 /usr/local/openravenscar/lib/gcc-lib/sparc-ork-elf/2.8.1/libgcc.a(__dummy.o)
                0x02023a34                __dummy
 .text          0x02023a3c       0x48 /usr/local/openravenscar/lib/gcc-lib/sparc-ork-elf/2.8.1/libgcc.a(_ashldi3.o)
                0x02023a3c                __ashldi3
 .text          0x02023a84       0x38 /usr/local/openravenscar/lib/gcc-lib/sparc-ork-elf/2.8.1/libgcc.a(_cmpdi2.o)
                0x02023a84                __cmpdi2
 .text          0x02023abc      0x3c0 /usr/local/openravenscar/lib/gcc-lib/sparc-ork-elf/2.8.1/libgcc.a(_divdi3.o)
                0x02023abc                __divdi3
 .text          0x02023e7c      0x1f4 /usr/local/openravenscar/lib/gcc-lib/sparc-ork-elf/2.8.1/libgcc.a(_divsi3.o)
                0x02023e7c                udiv
                0x02023e88                div
 .text          0x02024070       0x58 /usr/local/openravenscar/lib/gcc-lib/sparc-ork-elf/2.8.1/libgcc.a(_fixsfdi.o)
                0x02024070                __fixsfdi
 .text          0x020240c8      0x1c0 /usr/local/openravenscar/lib/gcc-lib/sparc-ork-elf/2.8.1/libgcc.a(_fixunsdfdi.o)
                0x020240c8                __fixunsdfdi
 .text          0x02024288      0x1c8 /usr/local/openravenscar/lib/gcc-lib/sparc-ork-elf/2.8.1/libgcc.a(_fixunssfdi.o)
                0x02024288                __fixunssfdi
 .text          0x02024450       0x54 /usr/local/openravenscar/lib/gcc-lib/sparc-ork-elf/2.8.1/libgcc.a(_floatdidf.o)
                0x02024450                __floatdidf
 .text          0x020244a4       0xa8 /usr/local/openravenscar/lib/gcc-lib/sparc-ork-elf/2.8.1/libgcc.a(_floatdisf.o)
                0x020244a4                __floatdisf
 .text          0x0202454c       0x48 /usr/local/openravenscar/lib/gcc-lib/sparc-ork-elf/2.8.1/libgcc.a(_lshrdi3.o)
                0x0202454c                __lshrdi3
 .text          0x02024594      0x1f4 /usr/local/openravenscar/lib/gcc-lib/sparc-ork-elf/2.8.1/libgcc.a(_modsi3.o)
                0x02024594                urem
                0x020245a0                rem
 .text          0x02024788       0xe0 /usr/local/openravenscar/lib/gcc-lib/sparc-ork-elf/2.8.1/libgcc.a(_muldi3.o)
                0x02024788                __muldi3
 .text          0x02024868       0xe8 /usr/local/openravenscar/lib/gcc-lib/sparc-ork-elf/2.8.1/libgcc.a(_mulsi3.o)
                0x02024868                umul
 .text          0x02024950      0x340 /usr/local/openravenscar/lib/gcc-lib/sparc-ork-elf/2.8.1/libgcc.a(_udivdi3.o)
                0x02024950                __udivdi3
 .text          0x02024c90      0x39c /usr/local/openravenscar/lib/gcc-lib/sparc-ork-elf/2.8.1/libgcc.a(_umoddi3.o)
                0x02024c90                __umoddi3
 .text          0x0202502c      0xa48 /usr/local/openravenscar/lib/gcc-lib/sparc-ork-elf/2.8.1/libgcc.a(frame.o)
                0x02025950                __frame_state_for
                0x020258e8                __deregister_frame_info
                0x020258c0                __register_frame_info_table
                0x02025898                __register_frame_info
 .text          0x02025a74       0x20 /usr/local/openravenscar/sparc-ork-elf/lib/libc.a(abort.o)
                0x02025a74                abort
 .text          0x02025a94       0x1c /usr/local/openravenscar/sparc-ork-elf/lib/libc.a(atoi.o)
                0x02025a94                atoi
 .text          0x02025ab0        0xc /usr/local/openravenscar/sparc-ork-elf/lib/libc.a(errno.o)
                0x02025ab0                __errno
 .text          0x02025abc       0x8c /usr/local/openravenscar/sparc-ork-elf/lib/libc.a(exit.o)
                0x02025abc                exit
 .text          0x02025b48       0x90 /usr/local/openravenscar/sparc-ork-elf/lib/libc.a(fputc.o)
                0x02025b48                fputc
 .text          0x02025bd8       0x40 /usr/local/openravenscar/sparc-ork-elf/lib/libc.a(getenv.o)
                0x02025bf8                getenv
                0x02025bd8                _findenv
 .text          0x02025c18      0x100 /usr/local/openravenscar/sparc-ork-elf/lib/libc.a(getenv_r.o)
                0x02025c18                _findenv_r
                0x02025cfc                _getenv_r
 .text          0x02025d18       0x1c /usr/local/openravenscar/sparc-ork-elf/lib/libc.a(gmtime.o)
                0x02025d18                gmtime
 .text          0x02025d34       0x20 /usr/local/openravenscar/sparc-ork-elf/lib/libc.a(lcltime.o)
                0x02025d34                localtime
 .text          0x02025d54      0x21c /usr/local/openravenscar/sparc-ork-elf/lib/libc.a(lcltime_r.o)
                0x02025d54                localtime_r
 .text          0x02025f70       0x38 /usr/local/openravenscar/sparc-ork-elf/lib/libc.a(malloc.o)
                0x02025f70                malloc
                0x02025f8c                free
 .text          0x02025fa8      0x774 /usr/local/openravenscar/sparc-ork-elf/lib/libc.a(mallocr.o)
                0x02026174                _malloc_r
 .text          0x0202671c       0x80 /usr/local/openravenscar/sparc-ork-elf/lib/libc.a(memcmp.o)
                0x0202671c                memcmp
 .text          0x0202679c       0xc4 /usr/local/openravenscar/sparc-ork-elf/lib/libc.a(memcpy.o)
                0x0202679c                memcpy
 .text          0x02026860       0xa4 /usr/local/openravenscar/sparc-ork-elf/lib/libc.a(memset.o)
                0x02026860                memset
 .text          0x02026904       0x10 /usr/local/openravenscar/sparc-ork-elf/lib/libc.a(mlock.o)
                0x0202690c                __malloc_unlock
                0x02026904                __malloc_lock
 .text          0x02026914       0x70 /usr/local/openravenscar/sparc-ork-elf/lib/libc.a(printf.o)
                0x02026944                printf
                0x02026914                _printf_r
 .text          0x02026984       0x20 /usr/local/openravenscar/sparc-ork-elf/lib/libc.a(realloc.o)
                0x02026984                realloc
 .text          0x020269a4      0x50c /usr/local/openravenscar/sparc-ork-elf/lib/libc.a(reallocr.o)
                0x020269a4                _realloc_r
 .text          0x02026eb0       0x40 /usr/local/openravenscar/sparc-ork-elf/lib/libc.a(rget.o)
                0x02026eb0                __srget
 .text          0x02026ef0       0x34 /usr/local/openravenscar/sparc-ork-elf/lib/libc.a(sbrkr.o)
                0x02026ef0                _sbrk_r
 .text          0x02026f24       0x64 /usr/local/openravenscar/sparc-ork-elf/lib/libc.a(scanf.o)
                0x02026f5c                _scanf_r
                0x02026f24                scanf
 .text          0x02026f88      0x24c /usr/local/openravenscar/sparc-ork-elf/lib/libc.a(signal.o)
                0x02026fe4                _signal_r
                0x02027040                _raise_r
                0x020270dc                __sigtramp_r
                0x02027180                signal
                0x020271a0                _init_signal
                0x02026f88                _init_signal_r
                0x020271b8                __sigtramp
                0x02027164                raise
 .text          0x020271d4       0x4c /usr/local/openravenscar/sparc-ork-elf/lib/libc.a(signalr.o)
                0x020271d4                _kill_r
                0x0202720c                _getpid_r
 .text          0x02027220       0xb4 /usr/local/openravenscar/sparc-ork-elf/lib/libc.a(sprintf.o)
                0x02027220                _sprintf_r
                0x02027274                sprintf
 .text          0x020272d4       0x8c /usr/local/openravenscar/sparc-ork-elf/lib/libc.a(strcat.o)
                0x020272d4                strcat
 .text          0x02027360       0xb8 /usr/local/openravenscar/sparc-ork-elf/lib/libc.a(strcmp.o)
                0x02027360                strcmp
 .text          0x02027418       0x8c /usr/local/openravenscar/sparc-ork-elf/lib/libc.a(strcpy.o)
                0x02027418                strcpy
 .text          0x020274a4       0x78 /usr/local/openravenscar/sparc-ork-elf/lib/libc.a(strlen.o)
                0x020274a4                strlen
 .text          0x0202751c       0xcc /usr/local/openravenscar/sparc-ork-elf/lib/libc.a(strncmp.o)
                0x0202751c                strncmp
 .text          0x020275e8       0xd4 /usr/local/openravenscar/sparc-ork-elf/lib/libc.a(strncpy.o)
                0x020275e8                strncpy
 .text          0x020276bc       0x68 /usr/local/openravenscar/sparc-ork-elf/lib/libc.a(strstr.o)
                0x020276bc                strstr
 .text          0x02027724      0x1f8 /usr/local/openravenscar/sparc-ork-elf/lib/libc.a(strtol.o)
                0x020278f8                strtol
                0x02027724                _strtol_r
 .text          0x0202791c     0x19c4 /usr/local/openravenscar/sparc-ork-elf/lib/libc.a(vfprintf.o)
                0x02027a20                _vfprintf_r
                0x02027a00                vfprintf
 .text          0x020292e0      0xf30 /usr/local/openravenscar/sparc-ork-elf/lib/libc.a(vfscanf.o)
                0x020292e0                __svfscanf
                0x0202a130                __sccl
 .text          0x0202a210      0x10c /usr/local/openravenscar/sparc-ork-elf/lib/libc.a(wbuf.o)
                0x0202a210                __swbuf
 .text          0x0202a31c      0x10c /usr/local/openravenscar/sparc-ork-elf/lib/libc.a(wsetup.o)
                0x0202a31c                __swsetup
 .text          0x0202a428       0x18 /usr/local/openravenscar/sparc-ork-elf/lib/libc.a(atof.o)
                0x0202a428                atof
 .text          0x0202a440     0x1250 /usr/local/openravenscar/sparc-ork-elf/lib/libc.a(dtoa.o)
                0x0202a62c                _dtoa_r
 .text          0x0202b690       0x10 /usr/local/openravenscar/sparc-ork-elf/lib/libc.a(envlock.o)
                0x0202b698                __env_unlock
                0x0202b690                __env_lock
 .text          0x0202b6a0       0xf0 /usr/local/openravenscar/sparc-ork-elf/lib/libc.a(fflush.o)
                0x0202b6a0                fflush
 .text          0x0202b790      0x228 /usr/local/openravenscar/sparc-ork-elf/lib/libc.a(findfp.o)
                0x0202b948                __sinit
                0x0202b7ec                __sfmoreglue
                0x0202b930                _cleanup
                0x0202b914                _cleanup_r
                0x0202b844                __sfp
 .text          0x0202b9b8       0xcc /usr/local/openravenscar/sparc-ork-elf/lib/libc.a(fread.o)
                0x0202b9b8                fread
 .text          0x0202ba84      0x3c0 /usr/local/openravenscar/sparc-ork-elf/lib/libc.a(freer.o)
                0x0202ba84                _free_r
                0x0202bd20                _malloc_trim_r
 .text          0x0202be44      0x380 /usr/local/openravenscar/sparc-ork-elf/lib/libc.a(fvwrite.o)
                0x0202be44                __sfvwrite
 .text          0x0202c1c4       0x60 /usr/local/openravenscar/sparc-ork-elf/lib/libc.a(fwalk.o)
                0x0202c1c4                _fwalk
 .text          0x0202c224       0xa4 /usr/local/openravenscar/sparc-ork-elf/lib/libc.a(locale.o)
                0x0202c224                _setlocale_r
                0x0202c284                _localeconv_r
                0x0202c290                setlocale
                0x0202c2b0                localeconv
 .text          0x0202c2c8      0x144 /usr/local/openravenscar/sparc-ork-elf/lib/libc.a(makebuf.o)
                0x0202c2c8                __smakebuf
 .text          0x0202c40c       0x58 /usr/local/openravenscar/sparc-ork-elf/lib/libc.a(mbtowc_r.o)
                0x0202c40c                _mbtowc_r
 .text          0x0202c464       0xd4 /usr/local/openravenscar/sparc-ork-elf/lib/libc.a(memchr.o)
                0x0202c464                memchr
 .text          0x0202c538      0x110 /usr/local/openravenscar/sparc-ork-elf/lib/libc.a(memmove.o)
                0x0202c538                memmove
 .text          0x0202c648      0xd14 /usr/local/openravenscar/sparc-ork-elf/lib/libc.a(mprec.o)
                0x0202d310                _mprec_log10
                0x0202c8bc                _hi0bits
                0x0202c648                _Balloc
                0x0202d14c                _d2b
                0x0202ca2c                _multiply
                0x0202d280                _ratio
                0x0202c7fc                _s2b
                0x0202ca08                _i2b
                0x0202c93c                _lo0bits
                0x0202cdfc                __mcmp
                0x0202cc18                _pow5mult
                0x0202cfc0                _ulp
                0x0202d04c                _b2d
                0x0202c718                _multadd
                0x0202ce64                __mdiff
                0x0202cd00                _lshift
                0x0202c6e0                _Bfree
 .text          0x0202d35c      0x19c /usr/local/openravenscar/sparc-ork-elf/lib/libc.a(refill.o)
                0x0202d370                __srefill
 .text          0x0202d4f8       0x38 /usr/local/openravenscar/sparc-ork-elf/lib/libc.a(s_isinf.o)
                0x0202d4f8                isinf
 .text          0x0202d530      0x104 /usr/local/openravenscar/sparc-ork-elf/lib/libc.a(stdio.o)
                0x0202d5cc                __sseek
                0x0202d530                __sread
                0x0202d61c                __sclose
                0x0202d57c                __swrite
 .text          0x0202d634      0xedc /usr/local/openravenscar/sparc-ork-elf/lib/libc.a(strtod.o)
                0x0202d634                _strtod_r
                0x0202e4f4                strtodf
                0x0202e4d4                strtod
 .text          0x0202e510      0x1d8 /usr/local/openravenscar/sparc-ork-elf/lib/libc.a(strtoul.o)
                0x0202e6c4                strtoul
                0x0202e510                _strtoul_r
 .text          0x0202e6e8      0x228 /usr/local/openravenscar/sparc-ork-elf/lib/libc.a(ungetc.o)
                0x0202e798                ungetc
                0x0202e6e8                __submore
 .text          0x0202e910       0x3c /usr/local/openravenscar/sparc-ork-elf/lib/libc.a(writer.o)
                0x0202e910                _write_r
 .text          0x0202e94c       0xa8 /usr/local/openravenscar/sparc-ork-elf/lib/libc.a(callocr.o)
                0x0202e94c                _calloc_r
 .text          0x0202e9f4       0x34 /usr/local/openravenscar/sparc-ork-elf/lib/libc.a(closer.o)
                0x0202e9f4                _close_r
 .text          0x0202ea28       0x38 /usr/local/openravenscar/sparc-ork-elf/lib/libc.a(fstatr.o)
                0x0202ea28                _fstat_r
 .text          0x0202ea60       0x3c /usr/local/openravenscar/sparc-ork-elf/lib/libc.a(lseekr.o)
                0x0202ea60                _lseek_r
 .text          0x0202ea9c       0x3c /usr/local/openravenscar/sparc-ork-elf/lib/libc.a(readr.o)
                0x0202ea9c                _read_r
 .text          0x0202ead8      0x134 /usr/local/openravenscar/sparc-ork-elf/lib/libork.a(ada_exceptions.o)
                0x0202ead8                Instruction_Access_Exception
                0x0202ebb4                Division_By_Zero
                0x0202eb88                Stack_Overflow
                0x0202eb04                Illegal_Instruction
                0x0202ebe0                Integer_Overflow
                0x0202eb5c                FP_Exception
                0x0202eb30                Address_Not_Aligned
 .text          0x0202ec0c       0x1c /usr/local/openravenscar/sparc-ork-elf/lib/libork.a(close.o)
                0x0202ec0c                close
 .text          0x0202ec28       0x30 /usr/local/openravenscar/sparc-ork-elf/lib/libork.a(execv.o)
                0x0202ec28                execv
 .text          0x0202ec58       0x28 /usr/local/openravenscar/sparc-ork-elf/lib/libork.a(fork.o)
                0x0202ec58                fork
 .text          0x0202ec80       0x30 /usr/local/openravenscar/sparc-ork-elf/lib/libork.a(fstat.o)
                0x0202ec80                fstat
 .text          0x0202ecb0       0x30 /usr/local/openravenscar/sparc-ork-elf/lib/libork.a(getcwd.o)
                0x0202ecb0                getcwd
 .text          0x0202ece0       0x30 /usr/local/openravenscar/sparc-ork-elf/lib/libork.a(getpid.o)
                0x0202ece0                getpid
                0x0202ecf8                getppid
 .text          0x0202ed10       0x84 /usr/local/openravenscar/sparc-ork-elf/lib/libork.a(isatty.o)
                0x0202ed10                isatty
 .text          0x0202ed94       0x3c /usr/local/openravenscar/sparc-ork-elf/lib/libork.a(kill.o)
                0x0202ed94                kill
 .text          0x0202edd0       0x30 /usr/local/openravenscar/sparc-ork-elf/lib/libork.a(link.o)
                0x0202edd0                link
 .text          0x0202ee00       0x34 /usr/local/openravenscar/sparc-ork-elf/lib/libork.a(lseek.o)
                0x0202ee00                lseek
 .text          0x0202ee34       0x34 /usr/local/openravenscar/sparc-ork-elf/lib/libork.a(open.o)
                0x0202ee34                open
 .text          0x0202ee68      0x148 /usr/local/openravenscar/sparc-ork-elf/lib/libork.a(read.o)
                0x0202ee68                read
 .text          0x0202efb0       0x34 /usr/local/openravenscar/sparc-ork-elf/lib/libork.a(readdir.o)
                0x0202efb0                readdir
 .text          0x0202efe4       0x20 /usr/local/openravenscar/sparc-ork-elf/lib/libork.a(mkdir.o)
                0x0202efe4                mkdir
 .text          0x0202f004       0xb0 /usr/local/openravenscar/sparc-ork-elf/lib/libork.a(sbrk.o)
                0x0202f004                sbrk
 .text          0x0202f0b4       0x30 /usr/local/openravenscar/sparc-ork-elf/lib/libork.a(stat.o)
                0x0202f0b4                stat
 .text          0x0202f0e4       0x2c /usr/local/openravenscar/sparc-ork-elf/lib/libork.a(unlink.o)
                0x0202f0e4                unlink
 .text          0x0202f110       0x2c /usr/local/openravenscar/sparc-ork-elf/lib/libork.a(wait.o)
                0x0202f110                wait
 .text          0x0202f13c       0xec /usr/local/openravenscar/sparc-ork-elf/lib/libork.a(write.o)
                0x0202f13c                write
 *fill*         0x0202f228        0x8
                0x0202f230                .=ALIGN(0x10)
 *(.eh_frame)
 .eh_frame      0x0202f230      0x11c /usr/local/openravenscar/lib/gcc-lib/sparc-ork-elf/2.8.1/adalib/libgnat.a(a-init.o)
 .eh_frame      0x0202f34c       0x24 /usr/local/openravenscar/lib/gcc-lib/sparc-ork-elf/2.8.1/libgcc.a(__dummy.o)
 .eh_frame      0x0202f370       0x24 /usr/local/openravenscar/lib/gcc-lib/sparc-ork-elf/2.8.1/libgcc.a(_ashldi3.o)
 .eh_frame      0x0202f394       0x24 /usr/local/openravenscar/lib/gcc-lib/sparc-ork-elf/2.8.1/libgcc.a(_cmpdi2.o)
 .eh_frame      0x0202f3b8       0x2c /usr/local/openravenscar/lib/gcc-lib/sparc-ork-elf/2.8.1/libgcc.a(_divdi3.o)
 .eh_frame      0x0202f3e4       0x2c /usr/local/openravenscar/lib/gcc-lib/sparc-ork-elf/2.8.1/libgcc.a(_fixsfdi.o)
 .eh_frame      0x0202f410       0x2c /usr/local/openravenscar/lib/gcc-lib/sparc-ork-elf/2.8.1/libgcc.a(_fixunsdfdi.o)
 .eh_frame      0x0202f43c       0x2c /usr/local/openravenscar/lib/gcc-lib/sparc-ork-elf/2.8.1/libgcc.a(_fixunssfdi.o)
 .eh_frame      0x0202f468       0x28 /usr/local/openravenscar/lib/gcc-lib/sparc-ork-elf/2.8.1/libgcc.a(_floatdidf.o)
 .eh_frame      0x0202f490       0x28 /usr/local/openravenscar/lib/gcc-lib/sparc-ork-elf/2.8.1/libgcc.a(_floatdisf.o)
 .eh_frame      0x0202f4b8       0x24 /usr/local/openravenscar/lib/gcc-lib/sparc-ork-elf/2.8.1/libgcc.a(_lshrdi3.o)
 .eh_frame      0x0202f4dc       0x2c /usr/local/openravenscar/lib/gcc-lib/sparc-ork-elf/2.8.1/libgcc.a(_muldi3.o)
 .eh_frame      0x0202f508       0x2c /usr/local/openravenscar/lib/gcc-lib/sparc-ork-elf/2.8.1/libgcc.a(_udivdi3.o)
 .eh_frame      0x0202f534       0x2c /usr/local/openravenscar/lib/gcc-lib/sparc-ork-elf/2.8.1/libgcc.a(_umoddi3.o)
 .eh_frame      0x0202f560      0x11c /usr/local/openravenscar/lib/gcc-lib/sparc-ork-elf/2.8.1/libgcc.a(frame.o)
 *fill*         0x0202f67c        0x4
                0x0202f680                .=ALIGN(0x10)
 *(.rodata)
 .rodata        0x0202f680        0xe ./testing_1.o
 *fill*         0x0202f68e        0x2
 .rodata        0x0202f690      0x1c0 ./devicesfss_v1.o
 .rodata        0x0202f850       0x4c ./workload.o
 *fill*         0x0202f89c        0x4
 .rodata        0x0202f8a0       0x6c ./tools.o
 *fill*         0x0202f90c        0x4
 .rodata        0x0202f910       0xec ./fss.o
 .rodata        0x0202f9fc        0x8 /usr/local/openravenscar/lib/gcc-lib/sparc-ork-elf/2.8.1/adalib/libgnarl.a(a-reatim.o)
 .rodata        0x0202fa04        0x8 /usr/local/openravenscar/lib/gcc-lib/sparc-ork-elf/2.8.1/adalib/libgnarl.a(a-retide.o)
 *fill*         0x0202fa0c        0x4
 .rodata        0x0202fa10       0x24 /usr/local/openravenscar/lib/gcc-lib/sparc-ork-elf/2.8.1/adalib/libgnarl.a(s-taprob.o)
 *fill*         0x0202fa34        0x4
 .rodata        0x0202fa38       0xd0 /usr/local/openravenscar/lib/gcc-lib/sparc-ork-elf/2.8.1/adalib/libgnarl.a(s-taprop.o)
 .rodata        0x0202fb08       0x50 /usr/local/openravenscar/lib/gcc-lib/sparc-ork-elf/2.8.1/adalib/libgnarl.a(s-tarest.o)
 .rodata        0x0202fb58      0x14a /usr/local/openravenscar/lib/gcc-lib/sparc-ork-elf/2.8.1/adalib/libgnarl.a(s-tasdeb.o)
 *fill*         0x0202fca2        0x2
 .rodata        0x0202fca4      0x300 /usr/local/openravenscar/lib/gcc-lib/sparc-ork-elf/2.8.1/adalib/libgnarl.a(s-taskin.o)
 .rodata        0x0202ffa4        0x8 /usr/local/openravenscar/lib/gcc-lib/sparc-ork-elf/2.8.1/adalib/libgnarl.a(kernel-interrupts.o)
 .rodata        0x0202ffac        0x4 /usr/local/openravenscar/lib/gcc-lib/sparc-ork-elf/2.8.1/adalib/libgnarl.a(kernel-threads-queues.o)
 .rodata        0x0202ffb0       0x7c /usr/local/openravenscar/lib/gcc-lib/sparc-ork-elf/2.8.1/adalib/libgnarl.a(kernel-peripherals.o)
 *fill*         0x0203002c        0x4
 .rodata        0x02030030      0x184 /usr/local/openravenscar/lib/gcc-lib/sparc-ork-elf/2.8.1/adalib/libgnat.a(a-except.o)
 *fill*         0x020301b4        0x4
 .rodata        0x020301b8        0xd /usr/local/openravenscar/lib/gcc-lib/sparc-ork-elf/2.8.1/adalib/libgnat.a(a-finali.o)
 *fill*         0x020301c5        0x3
 .rodata        0x020301c8      0x82c /usr/local/openravenscar/lib/gcc-lib/sparc-ork-elf/2.8.1/adalib/libgnat.a(a-nuelfu.o)
 *fill*         0x020309f4        0x4
 .rodata        0x020309f8       0x42 /usr/local/openravenscar/lib/gcc-lib/sparc-ork-elf/2.8.1/adalib/libgnat.a(a-tags.o)
 *fill*         0x02030a3a        0x6
 .rodata        0x02030a40        0xd /usr/local/openravenscar/lib/gcc-lib/sparc-ork-elf/2.8.1/adalib/libgnat.a(g-except.o)
 *fill*         0x02030a4d        0x3